I'm sorry, but errors were detected in your script. Please correct the
errors listed below, and try again.


File "game/script.rpy", line 35: u'Null' is not a keyword argument or valid child for the vbox statement.
    Null()
        ^

Ren'Py Version: Ren'Py 7.3.2.320
Sun Jul 28 00:30:28 2019
